2021-03-11 22:34:55,664:INFO:flipkrat.py:Url hitted
2021-03-11 22:34:55,871:INFO:flipkrat.py:login popup handled
2021-03-11 22:34:56,219:INFO:flipkrat.py:Search begins
2021-03-11 22:34:59,039:INFO:flipkrat.py:Data saved in scrapper file
2021-03-11 22:35:58,120:INFO:flipkrat.py:Url hitted
2021-03-11 22:35:58,315:INFO:flipkrat.py:login popup handled
2021-03-11 22:35:58,591:INFO:flipkrat.py:Search begins
2021-03-11 22:36:01,400:INFO:flipkrat.py:Data saved in scrapper file
2021-03-11 22:36:23,309:INFO:flipkrat.py:Url hitted
2021-03-11 22:36:23,496:INFO:flipkrat.py:login popup handled
2021-03-11 22:36:23,770:INFO:flipkrat.py:Search begins
2021-03-11 22:36:33,418:INFO:flipkrat.py:Url hitted
2021-03-11 22:36:33,647:INFO:flipkrat.py:login popup handled
2021-03-11 22:36:34,002:INFO:flipkrat.py:Search begins
2021-03-11 22:36:36,914:INFO:flipkrat.py:Data saved in scrapper file
2021-03-11 22:37:59,845:INFO:flipkrat.py:Thread run completed
2021-03-12 18:10:07,996:INFO:flipkrat.py:Url hitted
2021-03-12 18:10:08,216:INFO:flipkrat.py:login popup handled
2021-03-12 18:10:08,649:INFO:flipkrat.py:Search begins for Nike
2021-03-12 18:10:15,835:INFO:flipkrat.py:Data saved in scrapper file
2021-03-12 18:21:17,976:INFO:flipkrat.py:Url hitted
2021-03-12 18:21:18,307:INFO:flipkrat.py:login popup handled
2021-03-12 18:21:18,661:INFO:flipkrat.py:Search begins for shorts
2021-03-12 18:21:45,120:INFO:flipkrat.py:Thread run completed
2021-03-12 18:51:46,598:INFO:flipkrat.py:Url hitted
2021-03-12 18:51:46,854:INFO:flipkrat.py:login popup handled
2021-03-12 18:51:47,148:INFO:flipkrat.py:Search begins for Nike
2021-03-12 18:51:52,934:INFO:flipkrat.py:Data saved in scrapper file
2021-03-12 18:59:13,412:INFO:flipkrat.py:Url hitted
2021-03-12 18:59:13,585:INFO:flipkrat.py:login popup handled
2021-03-12 18:59:13,871:INFO:flipkrat.py:Search begins for Nike
2021-03-12 18:59:20,027:INFO:flipkrat.py:Data saved in scrapper file
2021-03-12 19:05:39,138:INFO:flipkrat.py:Url hitted
2021-03-12 19:05:39,293:INFO:flipkrat.py:login popup handled
2021-03-12 19:05:39,627:INFO:flipkrat.py:Search begins for Saree
2021-03-12 19:05:45,435:INFO:flipkrat.py:Data saved in scrapper file
2021-03-12 19:48:30,551:INFO:flipkrat.py:Url hitted
2021-03-12 19:48:32,022:INFO:flipkrat.py:login popup handled
2021-03-12 19:48:33,971:INFO:flipkrat.py:Search begins for Nike
2021-03-12 19:48:39,271:INFO:flipkrat.py:Data saved in scrapper file
2021-03-12 19:52:16,469:INFO:flipkrat.py:Url hitted
2021-03-12 19:52:16,797:INFO:flipkrat.py:login popup handled
2021-03-12 19:52:17,244:INFO:flipkrat.py:Search begins for Nike
2021-03-12 19:52:19,627:INFO:flipkrat.py:Data saved in scrapper file
2021-03-12 22:38:31,082:INFO:flipkrat.py:Url hitted
2021-03-12 22:38:31,387:INFO:flipkrat.py:login popup handled
2021-03-12 22:38:31,835:INFO:flipkrat.py:Search begins for Nike
2021-03-12 22:38:38,080:INFO:flipkrat.py:Data saved in scrapper file
2022-10-01 14:21:20,790:INFO:flipkrat.py:Url hitted
2022-10-01 14:23:01,838:INFO:flipkrat.py:Url hitted
2022-10-01 14:23:01,894:INFO:flipkrat.py:login popup handled
2022-10-01 14:23:02,012:INFO:flipkrat.py:Search begins for badminton
2022-10-01 15:43:19,622:INFO:flipkrat.py:Url hitted
2022-10-01 15:47:24,899:INFO:flipkrat.py:Url hitted
2022-10-01 15:48:29,653:INFO:flipkrat.py:Url hitted
2022-10-01 15:48:29,725:INFO:flipkrat.py:login popup handled
2022-10-01 15:48:29,845:INFO:flipkrat.py:Search begins for samsung
2022-10-01 16:07:39,696:INFO:flipkrat.py:Url hitted
2022-10-01 16:07:39,757:INFO:flipkrat.py:login popup handled
2022-10-01 16:07:39,871:INFO:flipkrat.py:Search begins for iphone
2022-10-01 16:11:38,481:INFO:flipkrat.py:Url hitted
2022-10-01 16:11:38,536:INFO:flipkrat.py:login popup handled
2022-10-01 16:11:38,662:INFO:flipkrat.py:Search begins for samsung
2022-10-01 16:37:13,573:INFO:flipkrat.py:Url hitted
2022-10-01 16:37:13,636:INFO:flipkrat.py:login popup handled
2022-10-01 16:37:13,765:INFO:flipkrat.py:Search begins for samsung
2022-10-01 17:22:38,157:INFO:flipkrat.py:Url hitted
2022-10-01 17:22:38,218:INFO:flipkrat.py:login popup handled
2022-10-01 17:22:38,339:INFO:flipkrat.py:Search begins for samsung
2023-02-08 10:03:31,018:INFO:flipkrat.py:Url hitted
2023-02-08 10:03:31,167:INFO:flipkrat.py:login popup handled
2023-02-08 10:03:31,458:INFO:flipkrat.py:Search begins for unacademy
2023-02-09 00:43:59,475:INFO:flipkrat.py:Url hitted
2023-03-29 22:40:07,422:INFO:flipkrat.py:Url hitted
2023-03-29 22:40:07,498:INFO:flipkrat.py:login popup handled
2023-03-29 22:40:07,629:INFO:flipkrat.py:Search begins for iphone
